// Jest Snapshot v1, https://goo.gl/fbAQLP

exports[`App should render html structure 1`] = `
<Search
  button="Button"
  placeholder="Test"
  title="Test"
/>
`;
